2025-11-06T06:51:36.445Z INFO SharedStateManager initialized
2025-11-06T06:51:36.447Z INFO Is remote: false
2025-11-06T06:51:36.449Z INFO Starting Local. Installation path: c:\Program Files (x86)
2025-11-06T06:51:36.451Z INFO [MainProvider] Creating new MainProvider instance...
2025-11-06T06:51:36.453Z INFO Installation path exists: c:\Program Files (x86)
2025-11-06T06:51:36.455Z INFO Initializing database with URL: file:c:\Program Files (x86)\pythagora-core\data\database\pythagora.db
2025-11-06T06:51:36.463Z ERROR Database initialization error
Error: EPERM: operation not permitted, mkdir 'c:\Program Files (x86)\pythagora-core\data\database'
Stack: Error: EPERM: operation not permitted, mkdir 'c:\Program Files (x86)\pythagora-core\data\database'
    at mkdirSync (node:fs:1364:26)
    at Object.t.mkdirSync (node:electron/js2c/node_init:2:17237)
    at PrismaSession.ensureDatabaseSync (c:\Users\manideep\.vscode\extensions\pythagoratechnologies.pythagora-vs-code-2.5.26\out\core\CustomPrismaSession.js:61:20)
    at new PrismaSession (c:\Users\manideep\.vscode\extensions\pythagoratechnologies.pythagora-vs-code-2.5.26\out\core\CustomPrismaSession.js:17:18)
    at PrismaSession.getInstance (c:\Users\manideep\.vscode\extensions\pythagoratechnologies.pythagora-vs-code-2.5.26\out\core\CustomPrismaSession.js:28:38)
    at initializeDatabase (c:\Users\manideep\.vscode\extensions\pythagoratechnologies.pythagora-vs-code-2.5.26\out\extension.js:48:45)
    at activate (c:\Users\manideep\.vscode\extensions\pythagoratechnologies.pythagora-vs-code-2.5.26\out\extension.js:119:15)
    at Gb.n (file:///c:/Users/manideep/AppData/Local/Programs/Microsoft%20VS%20Code/resources/app/out/vs/workbench/api/node/extensionHostProcess.js:114:13382)
    at Gb.m (file:///c:/Users/manideep/AppData/Local/Programs/Microsoft%20VS%20Code/resources/app/out/vs/workbench/api/node/extensionHostProcess.js:114:13345)
    at Gb.l (file:///c:/Users/manideep/AppData/Local/Programs/Microsoft%20VS%20Code/resources/app/out/vs/workbench/api/node/extensionHostProcess.js:114:12801)
Extra context: {
  "code": "EPERM",
  "message": "EPERM: operation not permitted, mkdir 'c:\\Program Files (x86)\\pythagora-core\\data\\database'"
}
2025-11-06T06:51:36.482Z ERROR Failed to ensure database
Error: EPERM: operation not permitted, mkdir 'c:\Program Files (x86)\pythagora-core\data\database'
Stack: Error: EPERM: operation not permitted, mkdir 'c:\Program Files (x86)\pythagora-core\data\database'
    at mkdirSync (node:fs:1364:26)
    at Object.t.mkdirSync (node:electron/js2c/node_init:2:17237)
    at PrismaSession.ensureDatabaseSync (c:\Users\manideep\.vscode\extensions\pythagoratechnologies.pythagora-vs-code-2.5.26\out\core\CustomPrismaSession.js:61:20)
    at new PrismaSession (c:\Users\manideep\.vscode\extensions\pythagoratechnologies.pythagora-vs-code-2.5.26\out\core\CustomPrismaSession.js:17:18)
    at PrismaSession.getInstance (c:\Users\manideep\.vscode\extensions\pythagoratechnologies.pythagora-vs-code-2.5.26\out\core\CustomPrismaSession.js:28:38)
    at initializeDatabase (c:\Users\manideep\.vscode\extensions\pythagoratechnologies.pythagora-vs-code-2.5.26\out\extension.js:48:45)
    at activate (c:\Users\manideep\.vscode\extensions\pythagoratechnologies.pythagora-vs-code-2.5.26\out\extension.js:119:15)
    at Gb.n (file:///c:/Users/manideep/AppData/Local/Programs/Microsoft%20VS%20Code/resources/app/out/vs/workbench/api/node/extensionHostProcess.js:114:13382)
    at Gb.m (file:///c:/Users/manideep/AppData/Local/Programs/Microsoft%20VS%20Code/resources/app/out/vs/workbench/api/node/extensionHostProcess.js:114:13345)
    at Gb.l (file:///c:/Users/manideep/AppData/Local/Programs/Microsoft%20VS%20Code/resources/app/out/vs/workbench/api/node/extensionHostProcess.js:114:12801)
Extra context: {
  "code": "EPERM",
  "message": "EPERM: operation not permitted, mkdir 'c:\\Program Files (x86)\\pythagora-core\\data\\database'"
}
2025-11-06T06:51:36.486Z INFO Database initialized successfully
2025-11-06T06:51:36.488Z INFO [Migration] Checking for database migration...
2025-11-06T06:51:36.489Z INFO [Migration] No migration needed
